0 verbose cli C:\Program Files\nodejs\node.exe C:\Users\HP\AppData\Roaming\npm\node_modules\npm\bin\npm-cli.js
1 info using npm@11.0.0
2 info using node@v20.18.0
3 silly config load:file:C:\Users\HP\AppData\Roaming\npm\node_modules\npm\npmrc
4 silly config load:file:D:\next.js\newGit\Collegeseek\Frontend\.npmrc
5 silly config load:file:C:\Users\HP\.npmrc
6 silly config load:file:C:\Users\HP\AppData\Roaming\npm\etc\npmrc
7 verbose title npm uninstall react-draft-wysiwyg @types/react-draft-wysiwyg
8 verbose argv "uninstall" "react-draft-wysiwyg" "@types/react-draft-wysiwyg" "--legacy-peer-deps" "--cache" ".\\.npm-cache"
9 verbose logfile logs-max:10 dir:D:\next.js\newGit\Collegeseek\Frontend\.npm-cache\_logs\2026-06-07T14_48_18_857Z-
10 verbose logfile D:\next.js\newGit\Collegeseek\Frontend\.npm-cache\_logs\2026-06-07T14_48_18_857Z-debug-0.log
11 silly logfile done cleaning log files
12 silly packumentCache heap:4345298944 maxSize:1086324736 maxEntrySize:543162368
13 silly idealTree buildDeps
14 silly reify mark retired [
14 silly reify   'D:\\next.js\\newGit\\Collegeseek\\Frontend\\node_modules\\@types\\react-draft-wysiwyg'
14 silly reify ]
15 silly reify mark retired [
15 silly reify   'D:\\next.js\\newGit\\Collegeseek\\Frontend\\node_modules\\draftjs-utils'
15 silly reify ]
16 silly reify mark retired [
16 silly reify   'D:\\next.js\\newGit\\Collegeseek\\Frontend\\node_modules\\html-to-draftjs'
16 silly reify ]
17 silly reify mark retired [
17 silly reify   'D:\\next.js\\newGit\\Collegeseek\\Frontend\\node_modules\\react-draft-wysiwyg'
17 silly reify ]
18 silly reify moves {
18 silly reify   'D:\\next.js\\newGit\\Collegeseek\\Frontend\\node_modules\\@types\\react-draft-wysiwyg': 'D:\\next.js\\newGit\\Collegeseek\\Frontend\\node_modules\\@types\\.react-draft-wysiwyg-d69BxS8X',
18 silly reify   'D:\\next.js\\newGit\\Collegeseek\\Frontend\\node_modules\\draftjs-utils': 'D:\\next.js\\newGit\\Collegeseek\\Frontend\\node_modules\\.draftjs-utils-xZV4zlxd',
18 silly reify   'D:\\next.js\\newGit\\Collegeseek\\Frontend\\node_modules\\html-to-draftjs': 'D:\\next.js\\newGit\\Collegeseek\\Frontend\\node_modules\\.html-to-draftjs-SjwPRs0p',
18 silly reify   'D:\\next.js\\newGit\\Collegeseek\\Frontend\\node_modules\\react-draft-wysiwyg': 'D:\\next.js\\newGit\\Collegeseek\\Frontend\\node_modules\\.react-draft-wysiwyg-bqDfOhxJ'
18 silly reify }
19 verbose stack Error: EPERM: operation not permitted, unlink 'D:\next.js\newGit\Collegeseek\Frontend\node_modules\@types\react-draft-wysiwyg\LICENSE'
20 error code EPERM
21 error syscall unlink
22 error path D:\next.js\newGit\Collegeseek\Frontend\node_modules\@types\react-draft-wysiwyg\LICENSE
23 error errno -4048
24 error [Error: EPERM: operation not permitted, unlink 'D:\next.js\newGit\Collegeseek\Frontend\node_modules\@types\react-draft-wysiwyg\LICENSE'] {
24 error   errno: -4048,
24 error   code: 'EPERM',
24 error   syscall: 'unlink',
24 error   path: 'D:\\next.js\\newGit\\Collegeseek\\Frontend\\node_modules\\@types\\react-draft-wysiwyg\\LICENSE'
24 error }
25 error
25 error The operation was rejected by your operating system.
25 error It's possible that the file was already in use (by a text editor or antivirus),
25 error or that you lack permissions to access it.
25 error
25 error If you believe this might be a permissions issue, please double-check the
25 error permissions of the file and its containing directories, or try running
25 error the command again as root/Administrator.
26 silly unfinished npm timer reify 1780843700082
27 silly unfinished npm timer reify:retireShallow 1780843700370
28 verbose cwd D:\next.js\newGit\Collegeseek\Frontend
29 verbose os Windows_NT 10.0.26200
30 verbose node v20.18.0
31 verbose npm  v11.0.0
32 verbose exit -4048
33 verbose code -4048
34 error A complete log of this run can be found in: D:\next.js\newGit\Collegeseek\Frontend\.npm-cache\_logs\2026-06-07T14_48_18_857Z-debug-0.log
