0 verbose cli C:\Program Files\nodejs\node.exe C:\Users\HP\AppData\Roaming\npm\node_modules\npm\bin\npm-cli.js
1 info using npm@11.0.0
2 info using node@v20.18.0
3 silly config load:file:C:\Users\HP\AppData\Roaming\npm\node_modules\npm\npmrc
4 silly config load:file:D:\next.js\newGit\Collegeseek\Frontend\.npmrc
5 silly config load:file:C:\Users\HP\.npmrc
6 silly config load:file:C:\Users\HP\AppData\Roaming\npm\etc\npmrc
7 verbose title npm install
8 verbose argv "install" "--legacy-peer-deps" "--cache" ".\\.npm-cache"
9 verbose logfile logs-max:10 dir:D:\next.js\newGit\Collegeseek\Frontend\.npm-cache\_logs\2026-06-07T14_49_37_505Z-
10 verbose logfile D:\next.js\newGit\Collegeseek\Frontend\.npm-cache\_logs\2026-06-07T14_49_37_505Z-debug-0.log
11 silly logfile done cleaning log files
12 silly packumentCache heap:4345298944 maxSize:1086324736 maxEntrySize:543162368
13 silly idealTree buildDeps
14 silly fetch manifest yaml@2.9.0
15 silly packumentCache full:https://registry.npmjs.org/yaml cache-miss
16 http fetch GET 200 https://registry.npmjs.org/yaml 467ms (cache revalidated)
17 silly packumentCache full:https://registry.npmjs.org/yaml set size:385754 disposed:false
18 silly placeDep ROOT yaml@2.9.0 REPLACE for: cosmiconfig@7.1.0 want: 2.9.0
19 silly reify mark retired [
19 silly reify   'D:\\next.js\\newGit\\Collegeseek\\Frontend\\node_modules\\yaml',
19 silly reify   'D:\\next.js\\newGit\\Collegeseek\\Frontend\\node_modules\\.bin\\yaml',
19 silly reify   'D:\\next.js\\newGit\\Collegeseek\\Frontend\\node_modules\\.bin\\yaml.cmd',
19 silly reify   'D:\\next.js\\newGit\\Collegeseek\\Frontend\\node_modules\\.bin\\yaml.ps1'
19 silly reify ]
20 silly reify moves {
20 silly reify   'D:\\next.js\\newGit\\Collegeseek\\Frontend\\node_modules\\yaml': 'D:\\next.js\\newGit\\Collegeseek\\Frontend\\node_modules\\.yaml-6v7GzlWJ',
20 silly reify   'D:\\next.js\\newGit\\Collegeseek\\Frontend\\node_modules\\.bin\\yaml': 'D:\\next.js\\newGit\\Collegeseek\\Frontend\\node_modules\\.bin\\.yaml-I4ZP1X6E',
20 silly reify   'D:\\next.js\\newGit\\Collegeseek\\Frontend\\node_modules\\.bin\\yaml.cmd': 'D:\\next.js\\newGit\\Collegeseek\\Frontend\\node_modules\\.bin\\.yaml.cmd-4GkHSM7r',
20 silly reify   'D:\\next.js\\newGit\\Collegeseek\\Frontend\\node_modules\\.bin\\yaml.ps1': 'D:\\next.js\\newGit\\Collegeseek\\Frontend\\node_modules\\.bin\\.yaml.ps1-QAiO0hjU'
20 silly reify }
21 verbose reify failed optional dependency D:\next.js\newGit\Collegeseek\Frontend\node_modules\@tailwindcss\oxide-wasm32-wasi
22 silly reify mark deleted [
22 silly reify   'D:\\next.js\\newGit\\Collegeseek\\Frontend\\node_modules\\@tailwindcss\\oxide-wasm32-wasi'
22 silly reify ]
23 silly audit bulk request {
23 silly audit   '@alloc/quick-lru': [ '5.2.0' ],
23 silly audit   '@babel/code-frame': [ '7.26.2' ],
23 silly audit   '@babel/generator': [ '7.27.0' ],
23 silly audit   '@babel/helper-module-imports': [ '7.25.9' ],
23 silly audit   '@babel/helper-string-parser': [ '7.25.9' ],
23 silly audit   '@babel/helper-validator-identifier': [ '7.25.9' ],
23 silly audit   '@babel/parser': [ '7.27.0' ],
23 silly audit   '@babel/runtime': [ '7.27.0' ],
23 silly audit   '@babel/template': [ '7.27.0' ],
23 silly audit   '@babel/traverse': [ '7.27.0' ],
23 silly audit   '@babel/types': [ '7.27.0' ],
23 silly audit   '@codexteam/icons': [ '0.0.5', '0.3.3', '0.0.4', '0.0.6' ],
23 silly audit   '@dnd-kit/accessibility': [ '3.1.1' ],
23 silly audit   '@dnd-kit/core': [ '6.3.1' ],
23 silly audit   '@dnd-kit/sortable': [ '10.0.0' ],
23 silly audit   '@dnd-kit/utilities': [ '3.2.2' ],
23 silly audit   '@editorjs/code': [ '2.9.3' ],
23 silly audit   '@editorjs/dom': [ '0.0.5' ],
23 silly audit   '@editorjs/editorjs': [ '2.30.8' ],
23 silly audit   '@editorjs/embed': [ '2.7.6' ],
23 silly audit   '@editorjs/header': [ '2.8.8' ],
23 silly audit   '@editorjs/helpers': [ '0.0.4' ],
23 silly audit   '@editorjs/image': [ '2.10.2' ],
23 silly audit   '@editorjs/link': [ '2.6.2' ],
23 silly audit   '@editorjs/list': [ '2.0.6' ],
23 silly audit   '@editorjs/quote': [ '2.7.6' ],
23 silly audit   '@editorjs/table': [ '2.4.4' ],
23 silly audit   '@emnapi/runtime': [ '1.8.1' ],
23 silly audit   '@emotion/babel-plugin': [ '11.13.5' ],
23 silly audit   '@emotion/cache': [ '11.14.0' ],
23 silly audit   '@emotion/hash': [ '0.9.2' ],
23 silly audit   '@emotion/memoize': [ '0.9.0' ],
23 silly audit   '@emotion/react': [ '11.14.0' ],
23 silly audit   '@emotion/serialize': [ '1.3.3' ],
23 silly audit   '@emotion/sheet': [ '1.4.0' ],
23 silly audit   '@emotion/unitless': [ '0.10.0' ],
23 silly audit   '@emotion/use-insertion-effect-with-fallbacks': [ '1.2.0' ],
23 silly audit   '@emotion/utils': [ '1.4.2' ],
23 silly audit   '@emotion/weak-memoize': [ '0.4.0' ],
23 silly audit   '@floating-ui/core': [ '1.7.5' ],
23 silly audit   '@floating-ui/dom': [ '1.7.6' ],
23 silly audit   '@floating-ui/react': [ '0.26.28' ],
23 silly audit   '@floating-ui/react-dom': [ '2.1.8' ],
23 silly audit   '@floating-ui/utils': [ '0.2.11' ],
23 silly audit   '@headlessui/react': [ '2.2.0' ],
23 silly audit   '@heroicons/react': [ '2.2.0' ],
23 silly audit   '@img/colour': [ '1.0.0' ],
23 silly audit   '@img/sharp-darwin-arm64': [ '0.34.5' ],
23 silly audit   '@img/sharp-darwin-x64': [ '0.34.5' ],
23 silly audit   '@img/sharp-libvips-darwin-arm64': [ '1.2.4' ],
23 silly audit   '@img/sharp-libvips-darwin-x64': [ '1.2.4' ],
23 silly audit   '@img/sharp-libvips-linux-arm': [ '1.2.4' ],
23 silly audit   '@img/sharp-libvips-linux-arm64': [ '1.2.4' ],
23 silly audit   '@img/sharp-libvips-linux-ppc64': [ '1.2.4' ],
23 silly audit   '@img/sharp-libvips-linux-riscv64': [ '1.2.4' ],
23 silly audit   '@img/sharp-libvips-linux-s390x': [ '1.2.4' ],
23 silly audit   '@img/sharp-libvips-linux-x64': [ '1.2.4' ],
23 silly audit   '@img/sharp-libvips-linuxmusl-arm64': [ '1.2.4' ],
23 silly audit   '@img/sharp-libvips-linuxmusl-x64': [ '1.2.4' ],
23 silly audit   '@img/sharp-linux-arm': [ '0.34.5' ],
23 silly audit   '@img/sharp-linux-arm64': [ '0.34.5' ],
23 silly audit   '@img/sharp-linux-ppc64': [ '0.34.5' ],
23 silly audit   '@img/sharp-linux-riscv64': [ '0.34.5' ],
23 silly audit   '@img/sharp-linux-s390x': [ '0.34.5' ],
23 silly audit   '@img/sharp-linux-x64': [ '0.34.5' ],
23 silly audit   '@img/sharp-linuxmusl-arm64': [ '0.34.5' ],
23 silly audit   '@img/sharp-linuxmusl-x64': [ '0.34.5' ],
23 silly audit   '@img/sharp-wasm32': [ '0.34.5' ],
23 silly audit   '@img/sharp-win32-arm64': [ '0.34.5' ],
23 silly audit   '@img/sharp-win32-ia32': [ '0.34.5' ],
23 silly audit   '@img/sharp-win32-x64': [ '0.34.5' ],
23 silly audit   '@internationalized/date': [ '3.12.1' ],
23 silly audit   '@internationalized/number': [ '3.6.6' ],
23 silly audit   '@internationalized/string': [ '3.2.8' ],
23 silly audit   '@jridgewell/gen-mapping': [ '0.3.8' ],
23 silly audit   '@jridgewell/remapping': [ '2.3.5' ],
23 silly audit   '@jridgewell/resolve-uri': [ '3.1.2' ],
23 silly audit   '@jridgewell/set-array': [ '1.2.1' ],
23 silly audit   '@jridgewell/sourcemap-codec': [ '1.5.5' ],
23 silly audit   '@jridgewell/trace-mapping': [ '0.3.25' ],
23 silly audit   '@next/env': [ '16.2.6' ],
23 silly audit   '@next/swc-darwin-arm64': [ '16.2.6' ],
23 silly audit   '@next/swc-darwin-x64': [ '16.2.6' ],
23 silly audit   '@next/swc-linux-arm64-gnu': [ '16.2.6' ],
23 silly audit   '@next/swc-linux-arm64-musl': [ '16.2.6' ],
23 silly audit   '@next/swc-linux-x64-gnu': [ '16.2.6' ],
23 silly audit   '@next/swc-linux-x64-musl': [ '16.2.6' ],
23 silly audit   '@next/swc-win32-arm64-msvc': [ '16.2.6' ],
23 silly audit   '@next/swc-win32-x64-msvc': [ '16.2.6' ],
23 silly audit   '@react-aria/focus': [ '3.22.0' ],
23 silly audit   '@react-aria/interactions': [ '3.28.0' ],
23 silly audit   '@react-dnd/asap': [ '5.0.2' ],
23 silly audit   '@react-dnd/invariant': [ '4.0.2' ],
23 silly audit   '@react-dnd/shallowequal': [ '4.0.2' ],
23 silly audit   '@react-types/shared': [ '3.34.0' ],
23 silly audit   '@standard-schema/spec': [ '1.1.0' ],
23 silly audit   '@standard-schema/utils': [ '0.3.0' ],
23 silly audit   '@swc/helpers': [ '0.5.15' ],
23 silly audit   '@tailwindcss/node': [ '4.3.0' ],
23 silly audit   '@tailwindcss/oxide': [ '4.3.0' ],
23 silly audit   '@tailwindcss/oxide-android-arm64': [ '4.3.0' ],
23 silly audit   '@tailwindcss/oxide-darwin-arm64': [ '4.3.0' ],
23 silly audit   '@tailwindcss/oxide-darwin-x64': [ '4.3.0' ],
23 silly audit   '@tailwindcss/oxide-freebsd-x64': [ '4.3.0' ],
23 silly audit   '@tailwindcss/oxide-linux-arm-gnueabihf': [ '4.3.0' ],
23 silly audit   '@tailwindcss/oxide-linux-arm64-gnu': [ '4.3.0' ],
23 silly audit   '@tailwindcss/oxide-linux-arm64-musl': [ '4.3.0' ],
23 silly audit   '@tailwindcss/oxide-linux-x64-gnu': [ '4.3.0' ],
23 silly audit   '@tailwindcss/oxide-linux-x64-musl': [ '4.3.0' ],
23 silly audit   '@tailwindcss/oxide-win32-arm64-msvc': [ '4.3.0' ],
23 silly audit   '@tailwindcss/oxide-win32-x64-msvc': [ '4.3.0' ],
23 silly audit   '@tailwindcss/postcss': [ '4.3.0' ],
23 silly audit   '@tanstack/react-virtual': [ '3.13.25' ],
23 silly audit   '@tanstack/virtual-core': [ '3.15.0' ],
23 silly audit   '@tinymce/tinymce-react': [ '6.1.0' ],
23 silly audit   '@types/d3-array': [ '3.2.2' ],
23 silly audit   '@types/d3-color': [ '3.1.3' ],
23 silly audit   '@types/d3-ease': [ '3.0.2' ],
23 silly audit   '@types/d3-interpolate': [ '3.0.4' ],
23 silly audit   '@types/d3-path': [ '3.1.1' ],
23 silly audit   '@types/d3-scale': [ '4.0.9' ],
23 silly audit   '@types/d3-shape': [ '3.1.8' ],
23 silly audit   '@types/d3-time': [ '3.0.4' ],
23 silly audit   '@types/d3-timer': [ '3.0.2' ],
23 silly audit   '@types/draft-js': [ '0.11.18' ],
23 silly audit   '@types/lodash': [ '4.17.16' ],
23 silly audit   '@types/lodash.debounce': [ '4.0.9' ],
23 silly audit   '@types/node': [ '20.17.19' ],
23 silly audit   '@types/parse-json': [ '4.0.2' ],
23 silly audit   '@types/react': [ '19.0.10' ],
23 silly audit   '@types/react-beautiful-dnd': [ '13.1.8' ],
23 silly audit   '@types/react-dom': [ '19.0.4' ],
23 silly audit   '@types/react-transition-group': [ '4.4.12' ],
23 silly audit   '@types/trusted-types': [ '2.0.7' ],
23 silly audit   '@types/use-sync-external-store': [ '0.0.6' ],
23 silly audit   'agent-base': [ '6.0.2' ],
23 silly audit   'aria-hidden': [ '1.2.6' ],
23 silly audit   asap: [ '2.0.6' ],
23 silly audit   asynckit: [ '0.4.0' ],
23 silly audit   axios: [ '1.17.0' ],
23 silly audit   'babel-plugin-macros': [ '3.1.0' ],
23 silly audit   'baseline-browser-mapping': [ '2.9.19' ],
23 silly audit   'call-bind-apply-helpers': [ '1.0.2' ],
23 silly audit   callsites: [ '3.1.0' ],
23 silly audit   'caniuse-lite': [ '1.0.30001700' ],
23 silly audit   classnames: [ '2.5.1' ],
23 silly audit   'client-only': [ '0.0.1' ],
23 silly audit   clsx: [ '2.1.1' ],
23 silly audit   'combined-stream': [ '1.0.8' ],
23 silly audit   'convert-source-map': [ '1.9.0' ],
23 silly audit   'core-js': [ '3.41.0' ],
23 silly audit   cosmiconfig: [ '7.1.0' ],
23 silly audit   'country-state-city': [ '3.2.1' ],
23 silly audit   'cross-fetch': [ '3.2.0' ],
23 silly audit   csstype: [ '3.1.3' ],
23 silly audit   'd3-array': [ '3.2.4' ],
23 silly audit   'd3-color': [ '3.1.0' ],
23 silly audit   'd3-ease': [ '3.0.1' ],
23 silly audit   'd3-format': [ '3.1.2' ],
23 silly audit   'd3-interpolate': [ '3.0.1' ],
23 silly audit   'd3-path': [ '3.1.0' ],
23 silly audit   'd3-scale': [ '4.0.2' ],
23 silly audit   'd3-shape': [ '3.2.0' ],
23 silly audit   'd3-time': [ '3.1.0' ],
23 silly audit   'd3-time-format': [ '4.1.0' ],
23 silly audit   'd3-timer': [ '3.0.1' ],
23 silly audit   debug: [ '4.4.0' ],
23 silly audit   'decimal.js-light': [ '2.5.1' ],
23 silly audit   'delayed-stream': [ '1.0.0' ],
23 silly audit   dequal: [ '2.0.3' ],
23 silly audit   'detect-libc': [ '2.1.2' ],
23 silly audit   'dnd-core': [ '16.0.1' ],
23 silly audit   'dom-helpers': [ '5.2.1' ],
23 silly audit   dompurify: [ '3.4.8' ],
23 silly audit   'draft-js': [ '0.11.7' ],
23 silly audit   'dunder-proto': [ '1.0.1' ],
23 silly audit   'editorjs-html': [ '4.0.5' ],
23 silly audit   'enhanced-resolve': [ '5.23.0' ],
23 silly audit   'enquire.js': [ '2.1.6' ],
23 silly audit   'error-ex': [ '1.3.2' ],
23 silly audit   'is-arrayish': [ '0.2.1' ],
23 silly audit   'es-define-property': [ '1.0.1' ],
23 silly audit   'es-errors': [ '1.3.0' ],
23 silly audit   'es-object-atoms': [ '1.1.1' ],
23 silly audit   'es-set-tostringtag': [ '2.1.0' ],
23 silly audit   'es-toolkit': [ '1.46.1' ],
23 silly audit   'escape-string-regexp': [ '4.0.0' ],
23 silly audit   eventemitter3: [ '5.0.4' ],
23 silly audit   'fast-deep-equal': [ '3.1.3' ],
23 silly audit   fbjs: [ '2.0.0' ],
23 silly audit   'fbjs-css-vars': [ '1.0.2' ],
23 silly audit   'find-root': [ '1.1.0' ],
23 silly audit   'follow-redirects': [ '1.16.0' ],
23 silly audit   'form-data': [ '4.0.5' ],
23 silly audit   'framer-motion': [ '12.4.4' ],
23 silly audit   'function-bind': [ '1.1.2' ],
23 silly audit   'get-intrinsic': [ '1.3.0' ],
23 silly audit   'get-proto': [ '1.0.1' ],
23 silly audit   globals: [ '11.12.0' ],
23 silly audit   goober: [ '2.1.16' ],
23 silly audit   gopd: [ '1.2.0' ],
23 silly audit   'graceful-fs': [ '4.2.11' ],
23 silly audit   'has-symbols': [ '1.1.0' ],
23 silly audit   'has-tostringtag': [ '1.0.2' ],
23 silly audit   hasown: [ '2.0.2' ],
23 silly audit   'hoist-non-react-statics': [ '3.3.2' ],
23 silly audit   'https-proxy-agent': [ '5.0.1' ],
23 silly audit   immer: [ '10.1.1', '11.1.7' ],
23 silly audit   immutable: [ '3.8.3' ],
23 silly audit   'import-fresh': [ '3.3.1' ],
23 silly audit   install: [ '0.13.0' ],
23 silly audit   internmap: [ '2.0.3' ],
23 silly audit   'is-core-module': [ '2.16.1' ],
23 silly audit   jiti: [ '2.7.0' ],
23 silly audit   'js-tokens': [ '4.0.0' ],
23 silly audit   jsesc: [ '3.1.0' ],
23 silly audit   'json-parse-even-better-errors': [ '2.3.1' ],
23 silly audit   json2mq: [ '0.2.0' ],
23 silly audit   lightningcss: [ '1.32.0' ],
23 silly audit   'lightningcss-android-arm64': [ '1.32.0' ],
23 silly audit   'lightningcss-darwin-arm64': [ '1.32.0' ],
23 silly audit   'lightningcss-darwin-x64': [ '1.32.0' ],
23 silly audit   'lightningcss-freebsd-x64': [ '1.32.0' ],
23 silly audit   'lightningcss-linux-arm-gnueabihf': [ '1.32.0' ],
23 silly audit   'lightningcss-linux-arm64-gnu': [ '1.32.0' ],
23 silly audit   'lightningcss-linux-arm64-musl': [ '1.32.0' ],
23 silly audit   'lightningcss-linux-x64-gnu': [ '1.32.0' ],
23 silly audit   'lightningcss-linux-x64-musl': [ '1.32.0' ],
23 silly audit   'lightningcss-win32-arm64-msvc': [ '1.32.0' ],
23 silly audit   'lightningcss-win32-x64-msvc': [ '1.32.0' ],
23 silly audit   'lines-and-columns': [ '1.2.4' ],
23 silly audit   'lodash.debounce': [ '4.0.8' ],
23 silly audit   'loose-envify': [ '1.4.0' ],
23 silly audit   'lucide-react': [ '0.475.0' ],
23 silly audit   'magic-string': [ '0.30.21' ],
23 silly audit   'math-intrinsics': [ '1.1.0' ],
23 silly audit   'memoize-one': [ '6.0.0' ],
23 silly audit   'mime-db': [ '1.52.0' ],
23 silly audit   'mime-types': [ '2.1.35' ],
23 silly audit   'motion-dom': [ '12.4.4' ],
23 silly audit   'motion-utils': [ '12.0.0' ],
23 silly audit   ms: [ '2.1.3' ],
23 silly audit   nanoid: [ '3.3.12' ],
23 silly audit   next: [ '16.2.6' ],
23 silly audit   'node-fetch': [ '2.7.0' ],
23 silly audit   'object-assign': [ '4.1.1' ],
23 silly audit   'parent-module': [ '1.0.1' ],
23 silly audit   'parse-json': [ '5.2.0' ],
23 silly audit   'path-parse': [ '1.0.7' ],
23 silly audit   'path-type': [ '4.0.0' ],
23 silly audit   picocolors: [ '1.1.1' ],
23 silly audit   postcss: [ '8.5.15' ],
23 silly audit   promise: [ '7.3.1' ],
23 silly audit   'prop-types': [ '15.8.1' ],
23 silly audit   'proxy-from-env': [ '2.1.0' ],
23 silly audit   react: [ '19.2.6' ],
23 silly audit   'react-aria': [ '3.48.0' ],
23 silly audit   'react-dnd': [ '16.0.1' ],
23 silly audit   'react-dnd-html5-backend': [ '16.0.1' ],
23 silly audit   'react-dom': [ '19.2.6' ],
23 silly audit   'react-hot-toast': [ '2.5.2' ],
23 silly audit   'react-is': [ '16.13.1' ],
23 silly audit   'react-select': [ '5.10.1' ],
23 silly audit   'react-simple-wysiwyg': [ '3.2.2' ],
23 silly audit   'react-slick': [ '0.30.3' ],
23 silly audit   'react-stately': [ '3.46.0' ],
23 silly audit   'react-transition-group': [ '4.4.5' ],
23 silly audit   recharts: [ '3.8.1' ],
23 silly audit   '@reduxjs/toolkit': [ '2.11.2' ],
23 silly audit   'react-redux': [ '9.2.0' ],
23 silly audit   redux: [ '5.0.1', '4.2.1' ],
23 silly audit   'redux-thunk': [ '3.1.0' ],
23 silly audit   'regenerator-runtime': [ '0.14.1' ],
23 silly audit   reselect: [ '5.1.1' ],
23 silly audit   'resize-observer-polyfill': [ '1.5.1' ],
23 silly audit   resolve: [ '1.22.10' ],
23 silly audit   'resolve-from': [ '4.0.0' ],
23 silly audit   scheduler: [ '0.27.0' ],
23 silly audit   semver: [ '7.7.3' ],
23 silly audit   setimmediate: [ '1.0.5' ],
23 silly audit   sharp: [ '0.34.5' ],
23 silly audit   'slick-carousel': [ '1.8.1' ],
23 silly audit   'source-map': [ '0.5.7' ],
23 silly audit   'source-map-js': [ '1.2.1' ],
23 silly audit   'string-convert': [ '0.2.1' ],
23 silly audit   'styled-jsx': [ '5.1.6' ],
23 silly audit   stylis: [ '4.2.0' ],
23 silly audit   'supports-preserve-symlinks-flag': [ '1.0.0' ],
23 silly audit   swiper: [ '12.2.0' ],
23 silly audit   swr: [ '2.3.2' ],
23 silly audit   tabbable: [ '6.4.0' ],
23 silly audit   tailwindcss: [ '4.3.0' ],
23 silly audit   tapable: [ '2.3.3' ],
23 silly audit   'tiny-invariant': [ '1.3.3' ],
23 silly audit   tr46: [ '0.0.3' ],
23 silly audit   tslib: [ '2.8.1' ],
23 silly audit   typescript: [ '5.7.3' ],
23 silly audit   'ua-parser-js': [ '0.7.40' ],
23 silly audit   'undici-types': [ '6.19.8' ],
23 silly audit   'use-isomorphic-layout-effect': [ '1.2.0' ],
23 silly audit   'use-sync-external-store': [ '1.6.0' ],
23 silly audit   'victory-vendor': [ '37.3.6' ],
23 silly audit   'webidl-conversions': [ '3.0.1' ],
23 silly audit   'whatwg-url': [ '5.0.0' ],
23 silly audit   zustand: [ '5.0.3' ],
23 silly audit   yaml: [ '2.9.0' ],
23 silly audit   '@tailwindcss/oxide-wasm32-wasi': [ '4.3.0' ]
23 silly audit }
24 verbose reify failed optional dependency D:\next.js\newGit\Collegeseek\Frontend\node_modules\lightningcss-win32-arm64-msvc
25 silly reify mark deleted [
25 silly reify   'D:\\next.js\\newGit\\Collegeseek\\Frontend\\node_modules\\lightningcss-win32-arm64-msvc'
25 silly reify ]
26 verbose reify failed optional dependency D:\next.js\newGit\Collegeseek\Frontend\node_modules\lightningcss-linux-x64-musl
27 silly reify mark deleted [
27 silly reify   'D:\\next.js\\newGit\\Collegeseek\\Frontend\\node_modules\\lightningcss-linux-x64-musl'
27 silly reify ]
28 verbose reify failed optional dependency D:\next.js\newGit\Collegeseek\Frontend\node_modules\lightningcss-linux-x64-gnu
29 silly reify mark deleted [
29 silly reify   'D:\\next.js\\newGit\\Collegeseek\\Frontend\\node_modules\\lightningcss-linux-x64-gnu'
29 silly reify ]
30 verbose reify failed optional dependency D:\next.js\newGit\Collegeseek\Frontend\node_modules\lightningcss-linux-arm64-musl
31 silly reify mark deleted [
31 silly reify   'D:\\next.js\\newGit\\Collegeseek\\Frontend\\node_modules\\lightningcss-linux-arm64-musl'
31 silly reify ]
32 verbose reify failed optional dependency D:\next.js\newGit\Collegeseek\Frontend\node_modules\lightningcss-linux-arm64-gnu
33 silly reify mark deleted [
33 silly reify   'D:\\next.js\\newGit\\Collegeseek\\Frontend\\node_modules\\lightningcss-linux-arm64-gnu'
33 silly reify ]
34 verbose reify failed optional dependency D:\next.js\newGit\Collegeseek\Frontend\node_modules\lightningcss-linux-arm-gnueabihf
35 silly reify mark deleted [
35 silly reify   'D:\\next.js\\newGit\\Collegeseek\\Frontend\\node_modules\\lightningcss-linux-arm-gnueabihf'
35 silly reify ]
36 verbose reify failed optional dependency D:\next.js\newGit\Collegeseek\Frontend\node_modules\lightningcss-freebsd-x64
37 silly reify mark deleted [
37 silly reify   'D:\\next.js\\newGit\\Collegeseek\\Frontend\\node_modules\\lightningcss-freebsd-x64'
37 silly reify ]
38 verbose reify failed optional dependency D:\next.js\newGit\Collegeseek\Frontend\node_modules\lightningcss-darwin-x64
39 silly reify mark deleted [
39 silly reify   'D:\\next.js\\newGit\\Collegeseek\\Frontend\\node_modules\\lightningcss-darwin-x64'
39 silly reify ]
40 verbose reify failed optional dependency D:\next.js\newGit\Collegeseek\Frontend\node_modules\lightningcss-darwin-arm64
41 silly reify mark deleted [
41 silly reify   'D:\\next.js\\newGit\\Collegeseek\\Frontend\\node_modules\\lightningcss-darwin-arm64'
41 silly reify ]
42 verbose reify failed optional dependency D:\next.js\newGit\Collegeseek\Frontend\node_modules\lightningcss-android-arm64
43 silly reify mark deleted [
43 silly reify   'D:\\next.js\\newGit\\Collegeseek\\Frontend\\node_modules\\lightningcss-android-arm64'
43 silly reify ]
44 verbose reify failed optional dependency D:\next.js\newGit\Collegeseek\Frontend\node_modules\@tailwindcss\oxide-win32-arm64-msvc
45 silly reify mark deleted [
45 silly reify   'D:\\next.js\\newGit\\Collegeseek\\Frontend\\node_modules\\@tailwindcss\\oxide-win32-arm64-msvc'
45 silly reify ]
46 verbose reify failed optional dependency D:\next.js\newGit\Collegeseek\Frontend\node_modules\@tailwindcss\oxide-linux-x64-musl
47 silly reify mark deleted [
47 silly reify   'D:\\next.js\\newGit\\Collegeseek\\Frontend\\node_modules\\@tailwindcss\\oxide-linux-x64-musl'
47 silly reify ]
48 verbose reify failed optional dependency D:\next.js\newGit\Collegeseek\Frontend\node_modules\@tailwindcss\oxide-linux-x64-gnu
49 silly reify mark deleted [
49 silly reify   'D:\\next.js\\newGit\\Collegeseek\\Frontend\\node_modules\\@tailwindcss\\oxide-linux-x64-gnu'
49 silly reify ]
50 verbose reify failed optional dependency D:\next.js\newGit\Collegeseek\Frontend\node_modules\@tailwindcss\oxide-linux-arm64-musl
51 silly reify mark deleted [
51 silly reify   'D:\\next.js\\newGit\\Collegeseek\\Frontend\\node_modules\\@tailwindcss\\oxide-linux-arm64-musl'
51 silly reify ]
52 verbose reify failed optional dependency D:\next.js\newGit\Collegeseek\Frontend\node_modules\@tailwindcss\oxide-linux-arm64-gnu
53 silly reify mark deleted [
53 silly reify   'D:\\next.js\\newGit\\Collegeseek\\Frontend\\node_modules\\@tailwindcss\\oxide-linux-arm64-gnu'
53 silly reify ]
54 verbose reify failed optional dependency D:\next.js\newGit\Collegeseek\Frontend\node_modules\@tailwindcss\oxide-linux-arm-gnueabihf
55 silly reify mark deleted [
55 silly reify   'D:\\next.js\\newGit\\Collegeseek\\Frontend\\node_modules\\@tailwindcss\\oxide-linux-arm-gnueabihf'
55 silly reify ]
56 verbose reify failed optional dependency D:\next.js\newGit\Collegeseek\Frontend\node_modules\@tailwindcss\oxide-freebsd-x64
57 silly reify mark deleted [
57 silly reify   'D:\\next.js\\newGit\\Collegeseek\\Frontend\\node_modules\\@tailwindcss\\oxide-freebsd-x64'
57 silly reify ]
58 verbose reify failed optional dependency D:\next.js\newGit\Collegeseek\Frontend\node_modules\@tailwindcss\oxide-darwin-x64
59 silly reify mark deleted [
59 silly reify   'D:\\next.js\\newGit\\Collegeseek\\Frontend\\node_modules\\@tailwindcss\\oxide-darwin-x64'
59 silly reify ]
60 verbose reify failed optional dependency D:\next.js\newGit\Collegeseek\Frontend\node_modules\@tailwindcss\oxide-darwin-arm64
61 silly reify mark deleted [
61 silly reify   'D:\\next.js\\newGit\\Collegeseek\\Frontend\\node_modules\\@tailwindcss\\oxide-darwin-arm64'
61 silly reify ]
62 verbose reify failed optional dependency D:\next.js\newGit\Collegeseek\Frontend\node_modules\@tailwindcss\oxide-android-arm64
63 silly reify mark deleted [
63 silly reify   'D:\\next.js\\newGit\\Collegeseek\\Frontend\\node_modules\\@tailwindcss\\oxide-android-arm64'
63 silly reify ]
64 verbose reify failed optional dependency D:\next.js\newGit\Collegeseek\Frontend\node_modules\@next\swc-win32-arm64-msvc
65 silly reify mark deleted [
65 silly reify   'D:\\next.js\\newGit\\Collegeseek\\Frontend\\node_modules\\@next\\swc-win32-arm64-msvc'
65 silly reify ]
66 verbose reify failed optional dependency D:\next.js\newGit\Collegeseek\Frontend\node_modules\@next\swc-linux-x64-musl
67 silly reify mark deleted [
67 silly reify   'D:\\next.js\\newGit\\Collegeseek\\Frontend\\node_modules\\@next\\swc-linux-x64-musl'
67 silly reify ]
68 verbose reify failed optional dependency D:\next.js\newGit\Collegeseek\Frontend\node_modules\@next\swc-linux-x64-gnu
69 silly reify mark deleted [
69 silly reify   'D:\\next.js\\newGit\\Collegeseek\\Frontend\\node_modules\\@next\\swc-linux-x64-gnu'
69 silly reify ]
70 verbose reify failed optional dependency D:\next.js\newGit\Collegeseek\Frontend\node_modules\@next\swc-linux-arm64-musl
71 silly reify mark deleted [
71 silly reify   'D:\\next.js\\newGit\\Collegeseek\\Frontend\\node_modules\\@next\\swc-linux-arm64-musl'
71 silly reify ]
72 verbose reify failed optional dependency D:\next.js\newGit\Collegeseek\Frontend\node_modules\@next\swc-linux-arm64-gnu
73 silly reify mark deleted [
73 silly reify   'D:\\next.js\\newGit\\Collegeseek\\Frontend\\node_modules\\@next\\swc-linux-arm64-gnu'
73 silly reify ]
74 verbose reify failed optional dependency D:\next.js\newGit\Collegeseek\Frontend\node_modules\@next\swc-darwin-x64
75 silly reify mark deleted [
75 silly reify   'D:\\next.js\\newGit\\Collegeseek\\Frontend\\node_modules\\@next\\swc-darwin-x64'
75 silly reify ]
76 verbose reify failed optional dependency D:\next.js\newGit\Collegeseek\Frontend\node_modules\@next\swc-darwin-arm64
77 silly reify mark deleted [
77 silly reify   'D:\\next.js\\newGit\\Collegeseek\\Frontend\\node_modules\\@next\\swc-darwin-arm64'
77 silly reify ]
78 verbose reify failed optional dependency D:\next.js\newGit\Collegeseek\Frontend\node_modules\@img\sharp-win32-ia32
79 silly reify mark deleted [
79 silly reify   'D:\\next.js\\newGit\\Collegeseek\\Frontend\\node_modules\\@img\\sharp-win32-ia32'
79 silly reify ]
80 verbose reify failed optional dependency D:\next.js\newGit\Collegeseek\Frontend\node_modules\@img\sharp-win32-arm64
81 silly reify mark deleted [
81 silly reify   'D:\\next.js\\newGit\\Collegeseek\\Frontend\\node_modules\\@img\\sharp-win32-arm64'
81 silly reify ]
82 verbose reify failed optional dependency D:\next.js\newGit\Collegeseek\Frontend\node_modules\@img\sharp-wasm32
83 silly reify mark deleted [
83 silly reify   'D:\\next.js\\newGit\\Collegeseek\\Frontend\\node_modules\\@img\\sharp-wasm32'
83 silly reify ]
84 verbose reify failed optional dependency D:\next.js\newGit\Collegeseek\Frontend\node_modules\@img\sharp-linuxmusl-x64
85 silly reify mark deleted [
85 silly reify   'D:\\next.js\\newGit\\Collegeseek\\Frontend\\node_modules\\@img\\sharp-linuxmusl-x64'
85 silly reify ]
86 verbose reify failed optional dependency D:\next.js\newGit\Collegeseek\Frontend\node_modules\@img\sharp-linuxmusl-arm64
87 silly reify mark deleted [
87 silly reify   'D:\\next.js\\newGit\\Collegeseek\\Frontend\\node_modules\\@img\\sharp-linuxmusl-arm64'
87 silly reify ]
88 verbose reify failed optional dependency D:\next.js\newGit\Collegeseek\Frontend\node_modules\@img\sharp-linux-x64
89 silly reify mark deleted [
89 silly reify   'D:\\next.js\\newGit\\Collegeseek\\Frontend\\node_modules\\@img\\sharp-linux-x64'
89 silly reify ]
90 verbose reify failed optional dependency D:\next.js\newGit\Collegeseek\Frontend\node_modules\@img\sharp-linux-s390x
91 silly reify mark deleted [
91 silly reify   'D:\\next.js\\newGit\\Collegeseek\\Frontend\\node_modules\\@img\\sharp-linux-s390x'
91 silly reify ]
92 verbose reify failed optional dependency D:\next.js\newGit\Collegeseek\Frontend\node_modules\@img\sharp-linux-riscv64
93 silly reify mark deleted [
93 silly reify   'D:\\next.js\\newGit\\Collegeseek\\Frontend\\node_modules\\@img\\sharp-linux-riscv64'
93 silly reify ]
94 verbose reify failed optional dependency D:\next.js\newGit\Collegeseek\Frontend\node_modules\@img\sharp-linux-ppc64
95 silly reify mark deleted [
95 silly reify   'D:\\next.js\\newGit\\Collegeseek\\Frontend\\node_modules\\@img\\sharp-linux-ppc64'
95 silly reify ]
96 verbose reify failed optional dependency D:\next.js\newGit\Collegeseek\Frontend\node_modules\@img\sharp-linux-arm64
97 silly reify mark deleted [
97 silly reify   'D:\\next.js\\newGit\\Collegeseek\\Frontend\\node_modules\\@img\\sharp-linux-arm64'
97 silly reify ]
98 verbose reify failed optional dependency D:\next.js\newGit\Collegeseek\Frontend\node_modules\@img\sharp-linux-arm
99 silly reify mark deleted [
99 silly reify   'D:\\next.js\\newGit\\Collegeseek\\Frontend\\node_modules\\@img\\sharp-linux-arm'
99 silly reify ]
100 verbose reify failed optional dependency D:\next.js\newGit\Collegeseek\Frontend\node_modules\@img\sharp-libvips-linuxmusl-x64
101 silly reify mark deleted [
101 silly reify   'D:\\next.js\\newGit\\Collegeseek\\Frontend\\node_modules\\@img\\sharp-libvips-linuxmusl-x64'
101 silly reify ]
102 verbose reify failed optional dependency D:\next.js\newGit\Collegeseek\Frontend\node_modules\@img\sharp-libvips-linuxmusl-arm64
103 silly reify mark deleted [
103 silly reify   'D:\\next.js\\newGit\\Collegeseek\\Frontend\\node_modules\\@img\\sharp-libvips-linuxmusl-arm64'
103 silly reify ]
104 verbose reify failed optional dependency D:\next.js\newGit\Collegeseek\Frontend\node_modules\@img\sharp-libvips-linux-x64
105 silly reify mark deleted [
105 silly reify   'D:\\next.js\\newGit\\Collegeseek\\Frontend\\node_modules\\@img\\sharp-libvips-linux-x64'
105 silly reify ]
106 verbose reify failed optional dependency D:\next.js\newGit\Collegeseek\Frontend\node_modules\@img\sharp-libvips-linux-s390x
107 silly reify mark deleted [
107 silly reify   'D:\\next.js\\newGit\\Collegeseek\\Frontend\\node_modules\\@img\\sharp-libvips-linux-s390x'
107 silly reify ]
108 verbose reify failed optional dependency D:\next.js\newGit\Collegeseek\Frontend\node_modules\@img\sharp-libvips-linux-riscv64
109 silly reify mark deleted [
109 silly reify   'D:\\next.js\\newGit\\Collegeseek\\Frontend\\node_modules\\@img\\sharp-libvips-linux-riscv64'
109 silly reify ]
110 verbose reify failed optional dependency D:\next.js\newGit\Collegeseek\Frontend\node_modules\@img\sharp-libvips-linux-ppc64
111 silly reify mark deleted [
111 silly reify   'D:\\next.js\\newGit\\Collegeseek\\Frontend\\node_modules\\@img\\sharp-libvips-linux-ppc64'
111 silly reify ]
112 verbose reify failed optional dependency D:\next.js\newGit\Collegeseek\Frontend\node_modules\@img\sharp-libvips-linux-arm64
113 silly reify mark deleted [
113 silly reify   'D:\\next.js\\newGit\\Collegeseek\\Frontend\\node_modules\\@img\\sharp-libvips-linux-arm64'
113 silly reify ]
114 verbose reify failed optional dependency D:\next.js\newGit\Collegeseek\Frontend\node_modules\@img\sharp-libvips-linux-arm
115 silly reify mark deleted [
115 silly reify   'D:\\next.js\\newGit\\Collegeseek\\Frontend\\node_modules\\@img\\sharp-libvips-linux-arm'
115 silly reify ]
116 verbose reify failed optional dependency D:\next.js\newGit\Collegeseek\Frontend\node_modules\@img\sharp-libvips-darwin-x64
117 silly reify mark deleted [
117 silly reify   'D:\\next.js\\newGit\\Collegeseek\\Frontend\\node_modules\\@img\\sharp-libvips-darwin-x64'
117 silly reify ]
118 verbose reify failed optional dependency D:\next.js\newGit\Collegeseek\Frontend\node_modules\@img\sharp-libvips-darwin-arm64
119 silly reify mark deleted [
119 silly reify   'D:\\next.js\\newGit\\Collegeseek\\Frontend\\node_modules\\@img\\sharp-libvips-darwin-arm64'
119 silly reify ]
120 verbose reify failed optional dependency D:\next.js\newGit\Collegeseek\Frontend\node_modules\@img\sharp-darwin-x64
121 silly reify mark deleted [
121 silly reify   'D:\\next.js\\newGit\\Collegeseek\\Frontend\\node_modules\\@img\\sharp-darwin-x64'
121 silly reify ]
122 verbose reify failed optional dependency D:\next.js\newGit\Collegeseek\Frontend\node_modules\@img\sharp-darwin-arm64
123 silly reify mark deleted [
123 silly reify   'D:\\next.js\\newGit\\Collegeseek\\Frontend\\node_modules\\@img\\sharp-darwin-arm64'
123 silly reify ]
124 http cache yaml@https://registry.npmjs.org/yaml/-/yaml-2.9.0.tgz 0ms (cache hit)
125 silly tarball no local data for yaml@https://registry.npmjs.org/yaml/-/yaml-2.9.0.tgz. Extracting by manifest.
126 http fetch POST 200 https://registry.npmjs.org/-/npm/v1/security/advisories/bulk 296ms
127 silly audit report {}
128 http fetch GET 200 https://registry.npmjs.org/yaml/-/yaml-2.9.0.tgz 747ms (cache miss)
129 silly ADD
130 silly ADD
131 silly ADD
132 silly ADD
133 silly ADD
134 silly ADD
135 silly ADD
136 silly ADD
137 silly ADD
138 silly ADD
139 silly ADD
140 silly ADD
141 silly ADD
142 silly ADD
143 silly ADD
144 silly ADD
145 silly ADD
146 silly ADD
147 silly ADD
148 silly ADD
149 silly ADD
150 silly ADD
151 silly ADD
152 silly ADD
153 silly ADD
154 silly ADD
155 silly ADD
156 silly ADD
157 silly ADD
158 silly ADD
159 silly ADD
160 silly ADD
161 silly ADD
162 silly ADD
163 silly ADD
164 silly ADD
165 silly ADD
166 silly ADD
167 silly ADD
168 silly ADD
169 silly ADD
170 silly ADD
171 silly ADD
172 silly ADD
173 silly ADD
174 silly ADD
175 silly ADD
176 silly ADD
177 silly ADD
178 silly ADD
179 silly ADD
180 silly CHANGE node_modules/yaml
181 verbose cwd D:\next.js\newGit\Collegeseek\Frontend
182 verbose os Windows_NT 10.0.26200
183 verbose node v20.18.0
184 verbose npm  v11.0.0
185 verbose exit 0
186 info ok
