0 verbose cli C:\Program Files\nodejs\node.exe C:\Users\HP\AppData\Roaming\npm\node_modules\npm\bin\npm-cli.js
1 info using npm@11.0.0
2 info using node@v20.18.0
3 silly config load:file:C:\Users\HP\AppData\Roaming\npm\node_modules\npm\npmrc
4 silly config load:file:D:\next.js\newGit\Collegeseek\Frontend\.npmrc
5 silly config load:file:C:\Users\HP\.npmrc
6 silly config load:file:C:\Users\HP\AppData\Roaming\npm\etc\npmrc
7 verbose title npm install
8 verbose argv "install" "--legacy-peer-deps" "--cache" ".\\.npm-cache"
9 verbose logfile logs-max:10 dir:D:\next.js\newGit\Collegeseek\Frontend\.npm-cache\_logs\2026-06-07T14_41_50_020Z-
10 verbose logfile D:\next.js\newGit\Collegeseek\Frontend\.npm-cache\_logs\2026-06-07T14_41_50_020Z-debug-0.log
11 silly logfile done cleaning log files
12 silly packumentCache heap:4345298944 maxSize:1086324736 maxEntrySize:543162368
13 silly idealTree buildDeps
14 silly fetch manifest immutable@3.8.3
15 silly packumentCache full:https://registry.npmjs.org/immutable cache-miss
16 silly placeDep node_modules/@types/draft-js immutable@ OK for: @types/draft-js@0.11.18 want: 3.8.3
17 silly fetch manifest yaml@2.8.2
18 silly packumentCache full:https://registry.npmjs.org/yaml cache-miss
19 silly placeDep node_modules/cosmiconfig yaml@ REPLACE for: cosmiconfig@7.1.0 want: 2.8.2
20 silly fetch manifest immutable@3.8.3
21 silly packumentCache full:https://registry.npmjs.org/immutable cache-miss
22 verbose shrinkwrap failed to load node_modules/.package-lock.json out of date, updated: node_modules
23 silly placeDep node_modules/draft-js immutable@ OK for: draft-js@0.11.7 want: 3.8.3
24 silly fetch manifest postcss@8.5.15
25 silly packumentCache full:https://registry.npmjs.org/postcss cache-miss
26 silly placeDep node_modules/next postcss@ REPLACE for: next@16.2.6 want: 8.5.15
27 verbose stack Error: request to https://registry.npmjs.org/immutable failed: cache mode is 'only-if-cached' but no cached response is available.
27 verbose stack     at cacheFetch (C:\Users\HP\AppData\Roaming\npm\node_modules\npm\node_modules\make-fetch-happen\lib\cache\index.js:12:13)
27 verbose stack     at async fetch (C:\Users\HP\AppData\Roaming\npm\node_modules\npm\node_modules\make-fetch-happen\lib\fetch.js:98:7)
27 verbose stack     at async RegistryFetcher.packument (C:\Users\HP\AppData\Roaming\npm\node_modules\npm\node_modules\pacote\lib\registry.js:90:19)
27 verbose stack     at async RegistryFetcher.manifest (C:\Users\HP\AppData\Roaming\npm\node_modules\npm\node_modules\pacote\lib\registry.js:128:23)
27 verbose stack     at async #fetchManifest (C:\Users\HP\AppData\Roaming\npm\node_modules\npm\node_modules\@npmcli\arborist\lib\arborist\build-ideal-tree.js:1202:20)
27 verbose stack     at async #nodeFromEdge (C:\Users\HP\AppData\Roaming\npm\node_modules\npm\node_modules\@npmcli\arborist\lib\arborist\build-ideal-tree.js:1040:19)
27 verbose stack     at async #buildDepStep (C:\Users\HP\AppData\Roaming\npm\node_modules\npm\node_modules\@npmcli\arborist\lib\arborist\build-ideal-tree.js:904:11)
27 verbose stack     at async Arborist.buildIdealTree (C:\Users\HP\AppData\Roaming\npm\node_modules\npm\node_modules\@npmcli\arborist\lib\arborist\build-ideal-tree.js:181:7)
27 verbose stack     at async Promise.all (index 1)
27 verbose stack     at async Arborist.reify (C:\Users\HP\AppData\Roaming\npm\node_modules\npm\node_modules\@npmcli\arborist\lib\arborist\reify.js:131:5)
28 error code ENOTCACHED
29 error request to https://registry.npmjs.org/immutable failed: cache mode is 'only-if-cached' but no cached response is available.
30 silly unfinished npm timer reify 1780843311213
31 silly unfinished npm timer reify:loadTrees 1780843311216
32 verbose cwd D:\next.js\newGit\Collegeseek\Frontend
33 verbose os Windows_NT 10.0.26200
34 verbose node v20.18.0
35 verbose npm  v11.0.0
36 verbose exit 1
37 verbose code 1
38 error A complete log of this run can be found in: D:\next.js\newGit\Collegeseek\Frontend\.npm-cache\_logs\2026-06-07T14_41_50_020Z-debug-0.log
