0 verbose cli C:\Program Files\nodejs\node.exe C:\Users\HP\AppData\Roaming\npm\node_modules\npm\bin\npm-cli.js
1 info using npm@11.0.0
2 info using node@v20.18.0
3 silly config load:file:C:\Users\HP\AppData\Roaming\npm\node_modules\npm\npmrc
4 silly config load:file:D:\next.js\newGit\Collegeseek\Frontend\.npmrc
5 silly config load:file:C:\Users\HP\.npmrc
6 silly config load:file:C:\Users\HP\AppData\Roaming\npm\etc\npmrc
7 verbose title npm install
8 verbose argv "install" "--legacy-peer-deps" "--cache" ".\\.npm-cache"
9 verbose logfile logs-max:10 dir:D:\next.js\newGit\Collegeseek\Frontend\.npm-cache\_logs\2026-06-07T14_41_20_268Z-
10 verbose logfile D:\next.js\newGit\Collegeseek\Frontend\.npm-cache\_logs\2026-06-07T14_41_20_268Z-debug-0.log
11 silly logfile done cleaning log files
12 http fetch GET https://registry.npmjs.org/npm attempt 1 failed with ECONNREFUSED
13 silly packumentCache heap:4345298944 maxSize:1086324736 maxEntrySize:543162368
14 verbose stack Error: Override for postcss@^8.5.15 conflicts with direct dependency
14 verbose stack     at Node.assertRootOverrides (C:\Users\HP\AppData\Roaming\npm\node_modules\npm\node_modules\@npmcli\arborist\lib\node.js:1336:29)
14 verbose stack     at #loadActual (C:\Users\HP\AppData\Roaming\npm\node_modules\npm\node_modules\@npmcli\arborist\lib\arborist\load-actual.js:133:24)
14 verbose stack     at async Promise.all (index 0)
14 verbose stack     at async Arborist.reify (C:\Users\HP\AppData\Roaming\npm\node_modules\npm\node_modules\@npmcli\arborist\lib\arborist\reify.js:131:5)
14 verbose stack     at async Install.exec (C:\Users\HP\AppData\Roaming\npm\node_modules\npm\lib\commands\install.js:150:5)
14 verbose stack     at async Npm.exec (C:\Users\HP\AppData\Roaming\npm\node_modules\npm\lib\npm.js:207:9)
14 verbose stack     at async module.exports (C:\Users\HP\AppData\Roaming\npm\node_modules\npm\lib\cli\entry.js:69:5)
15 error code EOVERRIDE
16 error Override for postcss@^8.5.15 conflicts with direct dependency
17 silly unfinished npm timer reify 1780843281361
18 silly unfinished npm timer reify:loadTrees 1780843281363
19 silly unfinished npm timer idealTree 1780843281365
20 silly unfinished npm timer idealTree:init 1780843281365
21 verbose cwd D:\next.js\newGit\Collegeseek\Frontend
22 verbose os Windows_NT 10.0.26200
23 verbose node v20.18.0
24 verbose npm  v11.0.0
25 verbose exit 1
26 verbose code 1
27 error A complete log of this run can be found in: D:\next.js\newGit\Collegeseek\Frontend\.npm-cache\_logs\2026-06-07T14_41_20_268Z-debug-0.log
